interactions:
- request:
    body: null
    headers:
      Accept:
      - application/json;version=2
      Accept-Encoding:
      - gzip, deflate
      Connection:
      - keep-alive
      User-Agent:
      - apypie (https://github.com/Apipie/apypie)
    method: GET
    uri: https://centos7-katello-3-14.yatsu.example.com/api/status
  response:
    body:
      string: !!python/unicode '{"result":"ok","status":200,"version":"1.24.0-RC3","api_version":2}'
    headers:
      cache-control:
      - max-age=0, private, must-revalidate
      connection:
      - Keep-Alive
      content-length:
      - '67'
      content-security-policy:
      - 'default-src ''self''; child-src ''self''; connect-src ''self'' ws: wss:;
        img-src ''self'' data: *.gravatar.com; script-src ''unsafe-eval'' ''unsafe-inline''
        ''self''; style-src ''unsafe-inline'' ''self'''
      content-type:
      - application/json; charset=utf-8
      date:
      - Tue, 03 Dec 2019 10:59:03 GMT
      etag:
      - W/"fa42fd32bbf8de94a2a64c78b06e78e7"
      foreman_api_version:
      - '2'
      foreman_current_location:
      - ; ANY
      foreman_current_organization:
      - ; ANY
      foreman_version:
      - 1.24.0-RC3
      keep-alive:
      - timeout=5, max=10000
      server:
      - Apache
      set-cookie:
      - _session_id=07c6c9d0c27b6e3472b88ec1c81cd0eb; path=/; secure; HttpOnly; SameSite=Lax
      status:
      - 200 OK
      strict-transport-security:
      - max-age=631139040; includeSubdomains
      x-content-type-options:
      - nosniff
      x-download-options:
      - noopen
      x-frame-options:
      - sameorigin
      x-permitted-cross-domain-policies:
      - none
      x-powered-by:
      - Phusion Passenger 4.0.53
      x-request-id:
      - 42419caa-584b-4cbe-88b7-0d26d345ba87
      x-runtime:
      - '0.083826'
      x-xss-protection:
      - 1; mode=block
    status:
      code: 200
      message: OK
- request:
    body: null
    headers:
      Accept:
      - application/json;version=2
      Accept-Encoding:
      - gzip, deflate
      Connection:
      - keep-alive
      Cookie:
      - _session_id=07c6c9d0c27b6e3472b88ec1c81cd0eb
      User-Agent:
      - apypie (https://github.com/Apipie/apypie)
    method: GET
    uri: https://centos7-katello-3-14.yatsu.example.com/katello/api/organizations?per_page=4294967296&search=name%3D%22Test+Organization%22
  response:
    body:
      string: !!python/unicode "{\n  \"total\": 2,\n  \"subtotal\": 1,\n  \"page\":
        1,\n  \"per_page\": 4294967296,\n  \"search\": \"name=\\\"Test Organization\\\"\",\n
        \ \"sort\": {\n    \"by\": null,\n    \"order\": null\n  },\n  \"results\":
        [{\"label\":\"Test_Organization\",\"created_at\":\"2019-12-03 10:43:47 UTC\",\"updated_at\":\"2019-12-03
        10:43:47 UTC\",\"id\":8,\"name\":\"Test Organization\",\"title\":\"Test Organization\",\"description\":\"A
        test organization\"}]\n}\n"
    headers:
      cache-control:
      - max-age=0, private, must-revalidate
      connection:
      - Keep-Alive
      content-length:
      - '388'
      content-security-policy:
      - 'default-src ''self''; child-src ''self''; connect-src ''self'' ws: wss:;
        img-src ''self'' data: *.gravatar.com; script-src ''unsafe-eval'' ''unsafe-inline''
        ''self''; style-src ''unsafe-inline'' ''self'''
      content-type:
      - application/json; charset=utf-8
      date:
      - Tue, 03 Dec 2019 10:59:03 GMT
      etag:
      - W/"c7eb38d5dbe62b67769451d10218abb1-gzip"
      foreman_api_version:
      - '2'
      foreman_current_location:
      - ; ANY
      foreman_current_organization:
      - ; ANY
      foreman_version:
      - 1.24.0-RC3
      keep-alive:
      - timeout=5, max=9999
      server:
      - Apache
      status:
      - 200 OK
      strict-transport-security:
      - max-age=631139040; includeSubdomains
      vary:
      - Accept-Encoding
      x-content-type-options:
      - nosniff
      x-download-options:
      - noopen
      x-frame-options:
      - sameorigin
      x-permitted-cross-domain-policies:
      - none
      x-powered-by:
      - Phusion Passenger 4.0.53
      x-request-id:
      - 8dc0b466-f1b7-4ff4-bcca-387de7f9629d
      x-runtime:
      - '0.020020'
      x-xss-protection:
      - 1; mode=block
    status:
      code: 200
      message: OK
- request:
    body: null
    headers:
      Accept:
      - application/json;version=2
      Accept-Encoding:
      - gzip, deflate
      Connection:
      - keep-alive
      Cookie:
      - _session_id=07c6c9d0c27b6e3472b88ec1c81cd0eb
      User-Agent:
      - apypie (https://github.com/Apipie/apypie)
    method: GET
    uri: https://centos7-katello-3-14.yatsu.example.com/katello/api/organizations/8/activation_keys?per_page=4294967296&search=name%3D%22Test+Activation+Key%22
  response:
    body:
      string: !!python/unicode '{"total":1,"subtotal":1,"page":1,"per_page":"4294967296","error":null,"search":"name=\"Test
        Activation Key\"","sort":{"by":"name","order":"asc"},"results":[{"id":56,"name":"Test
        Activation Key","description":null,"unlimited_hosts":true,"auto_attach":null,"content_view_id":7,"environment_id":7,"usage_count":0,"user_id":4,"max_hosts":null,"release_version":null,"purpose_usage":null,"purpose_role":null,"organization_id":8,"organization":{"name":"Test
        Organization","label":"Test_Organization","id":8},"created_at":"2019-12-03
        10:59:00 UTC","updated_at":"2019-12-03 10:59:01 UTC","content_view":{"id":7,"name":"Default
        Organization View"},"environment":{"name":"Library","id":7},"products":[{"id":6,"name":"Test
        Product"}],"host_collections":[],"purpose_addons":[],"permissions":{"view_activation_keys":true,"edit_activation_keys":true,"destroy_activation_keys":true}}]}

'
    headers:
      cache-control:
      - max-age=0, private, must-revalidate
      connection:
      - Keep-Alive
      content-length:
      - '871'
      content-security-policy:
      - 'default-src ''self''; child-src ''self''; connect-src ''self'' ws: wss:;
        img-src ''self'' data: *.gravatar.com; script-src ''unsafe-eval'' ''unsafe-inline''
        ''self''; style-src ''unsafe-inline'' ''self'''
      content-type:
      - application/json; charset=utf-8
      date:
      - Tue, 03 Dec 2019 10:59:03 GMT
      etag:
      - W/"01a0d9d125724dad335240ae159e15d4-gzip"
      foreman_api_version:
      - '2'
      foreman_current_location:
      - ; ANY
      foreman_current_organization:
      - ; ANY
      foreman_version:
      - 1.24.0-RC3
      keep-alive:
      - timeout=5, max=9998
      server:
      - Apache
      status:
      - 200 OK
      strict-transport-security:
      - max-age=631139040; includeSubdomains
      vary:
      - Accept-Encoding
      x-content-type-options:
      - nosniff
      x-download-options:
      - noopen
      x-frame-options:
      - sameorigin
      x-permitted-cross-domain-policies:
      - none
      x-powered-by:
      - Phusion Passenger 4.0.53
      x-request-id:
      - 17f019f7-5526-4bb6-9baa-47b38c218ecc
      x-runtime:
      - '0.041488'
      x-xss-protection:
      - 1; mode=block
    status:
      code: 200
      message: OK
- request:
    body: null
    headers:
      Accept:
      - application/json;version=2
      Accept-Encoding:
      - gzip, deflate
      Connection:
      - keep-alive
      Cookie:
      - _session_id=07c6c9d0c27b6e3472b88ec1c81cd0eb
      User-Agent:
      - apypie (https://github.com/Apipie/apypie)
    method: GET
    uri: https://centos7-katello-3-14.yatsu.example.com/katello/api/activation_keys/56?organization_id=8
  response:
    body:
      string: !!python/unicode '  {"service_level":null,"content_overrides":[{"content_label":"Test_Organization_Test_Product_Test_Repository","name":"enabled","value":"0"}],"id":56,"name":"Test
        Activation Key","description":null,"unlimited_hosts":true,"auto_attach":null,"content_view_id":7,"environment_id":7,"usage_count":0,"user_id":4,"max_hosts":null,"release_version":null,"purpose_usage":null,"purpose_role":null,"organization_id":8,"organization":{"name":"Test
        Organization","label":"Test_Organization","id":8},"created_at":"2019-12-03
        10:59:00 UTC","updated_at":"2019-12-03 10:59:01 UTC","content_view":{"id":7,"name":"Default
        Organization View"},"environment":{"name":"Library","id":7},"products":[{"id":6,"name":"Test
        Product"}],"host_collections":[],"purpose_addons":[],"permissions":{"view_activation_keys":true,"edit_activation_keys":true,"destroy_activation_keys":true}}

'
    headers:
      cache-control:
      - max-age=0, private, must-revalidate
      connection:
      - Keep-Alive
      content-length:
      - '854'
      content-security-policy:
      - 'default-src ''self''; child-src ''self''; connect-src ''self'' ws: wss:;
        img-src ''self'' data: *.gravatar.com; script-src ''unsafe-eval'' ''unsafe-inline''
        ''self''; style-src ''unsafe-inline'' ''self'''
      content-type:
      - application/json; charset=utf-8
      date:
      - Tue, 03 Dec 2019 10:59:03 GMT
      etag:
      - W/"ffa620de8cd29b54632be6a2b094ff06-gzip"
      foreman_api_version:
      - '2'
      foreman_current_location:
      - ; ANY
      foreman_current_organization:
      - ; ANY
      foreman_version:
      - 1.24.0-RC3
      keep-alive:
      - timeout=5, max=9997
      server:
      - Apache
      status:
      - 200 OK
      strict-transport-security:
      - max-age=631139040; includeSubdomains
      vary:
      - Accept-Encoding
      x-content-type-options:
      - nosniff
      x-download-options:
      - noopen
      x-frame-options:
      - sameorigin
      x-permitted-cross-domain-policies:
      - none
      x-powered-by:
      - Phusion Passenger 4.0.53
      x-request-id:
      - 86664896-95f4-4b21-8d3d-4d28ed88ab17
      x-runtime:
      - '0.071375'
      x-xss-protection:
      - 1; mode=block
    status:
      code: 200
      message: OK
- request:
    body: null
    headers:
      Accept:
      - application/json;version=2
      Accept-Encoding:
      - gzip, deflate
      Connection:
      - keep-alive
      Cookie:
      - _session_id=07c6c9d0c27b6e3472b88ec1c81cd0eb
      User-Agent:
      - apypie (https://github.com/Apipie/apypie)
    method: GET
    uri: https://centos7-katello-3-14.yatsu.example.com/katello/api/activation_keys/56/product_content
  response:
    body:
      string: !!python/unicode '{"total":1,"subtotal":1,"page":null,"per_page":null,"error":null,"search":null,"sort":{"by":null,"order":null},"results":[{"enabled":true,"product":{"id":6,"name":"Test
        Product"},"content":{"id":6,"name":"Test Repository","label":"Test_Organization_Test_Product_Test_Repository","vendor":"Custom","content_type":"yum","content_url":"/custom/Test_Product/Test_Repository","gpg_url":null},"override":"0","overrides":[{"name":"enabled","value":false}],"enabled_content_override":false}]}

'
    headers:
      cache-control:
      - max-age=0, private, must-revalidate
      connection:
      - Keep-Alive
      content-length:
      - '485'
      content-security-policy:
      - 'default-src ''self''; child-src ''self''; connect-src ''self'' ws: wss:;
        img-src ''self'' data: *.gravatar.com; script-src ''unsafe-eval'' ''unsafe-inline''
        ''self''; style-src ''unsafe-inline'' ''self'''
      content-type:
      - application/json; charset=utf-8
      date:
      - Tue, 03 Dec 2019 10:59:03 GMT
      etag:
      - W/"386292c485b003176ef17974d5cd0b7b-gzip"
      foreman_api_version:
      - '2'
      foreman_current_location:
      - ; ANY
      foreman_current_organization:
      - ; ANY
      foreman_version:
      - 1.24.0-RC3
      keep-alive:
      - timeout=5, max=9996
      server:
      - Apache
      status:
      - 200 OK
      strict-transport-security:
      - max-age=631139040; includeSubdomains
      vary:
      - Accept-Encoding
      x-content-type-options:
      - nosniff
      x-download-options:
      - noopen
      x-frame-options:
      - sameorigin
      x-permitted-cross-domain-policies:
      - none
      x-powered-by:
      - Phusion Passenger 4.0.53
      x-request-id:
      - fab234b7-f993-4eef-9a96-92d0f1234836
      x-runtime:
      - '0.050507'
      x-xss-protection:
      - 1; mode=block
    status:
      code: 200
      message: OK
version: 1
